[      53ms] [LOG] [Fast Refresh] rebuilding @ webpack-internal:///(app-pages-browser)/./node_modules/next/dist/client/components/react-dev-overlay/app/hot-reloader-client.js:186
[     192ms] [LOG] [Fast Refresh] done in 139ms @ webpack-internal:///(app-pages-browser)/./node_modules/next/dist/client/components/react-dev-overlay/app/hot-reloader-client.js:43
[     437ms] [INFO] %cDownload the React DevTools for a better development experience: https://reactjs.org/link/react-devtools font-weight:bold @ webpack-internal:///(app-pages-browser)/./node_modules/next/dist/compiled/react-dom/cjs/react-dom.development.js:38559
[     467ms] [LOG] [analytics] {type: pageview, path: /impressum, referrer: undefined, sessionId: e45ee089-fb97-4af0-82fc-1764224942f1, ts: 1787492625481} @ webpack-internal:///(app-pages-browser)/./src/lib/analytics.ts:38
[     468ms] [LOG] %clacønis color:#d9ff00;font-size:72px;font-weight:900;letter-spacing:-0.05em;font-family:'DM Sans',system-ui,-apple-system,sans-serif;line-height:1;padding:8px 0 @ webpack-internal:///(app-pages-browser)/./src/components/ConsoleGreeting.tsx:59
[     468ms] [LOG] %cwebsites von null gebaut, mit eigenem CMS. color:#f2f0e7;font-size:14px;font-style:italic;font-family:serif;padding:4px 0 12px @ webpack-internal:///(app-pages-browser)/./src/components/ConsoleGreeting.tsx:60
[     468ms] [LOG] %cweb   %chttps://laconis.be color:#d9ff00;font-weight:bold;font-family:monospace;font-size:12px color:#f2f0e7;font-family:monospace;font-size:12px @ webpack-internal:///(app-pages-browser)/./src/components/ConsoleGreeting.tsx:61
[     468ms] [LOG] %cmail  %cnicolas@laconis.be color:#d9ff00;font-weight:bold;font-family:monospace;font-size:12px color:#f2f0e7;font-family:monospace;font-size:12px @ webpack-internal:///(app-pages-browser)/./src/components/ConsoleGreeting.tsx:62
[     468ms] [LOG] %cort   %cOstbelgien · Belgien color:#d9ff00;font-weight:bold;font-family:monospace;font-size:12px color:#f2f0e7;font-family:monospace;font-size:12px @ webpack-internal:///(app-pages-browser)/./src/components/ConsoleGreeting.tsx:63
[     468ms] [LOG] %csagt  %c„say less · mean møre" color:#d9ff00;font-weight:bold;font-family:monospace;font-size:12px color:#f2f0e7;font-family:monospace;font-size:12px @ webpack-internal:///(app-pages-browser)/./src/components/ConsoleGreeting.tsx:64
[     468ms] [LOG] %cdu liest das? dann machst du wahrscheinlich was mit code.
wenn du ein projekt hast · schreib mir. ich beiße nicht. color:rgba(242,240,231,0.55);font-family:monospace;font-size:11px;font-style:italic;padding-top:12px @ webpack-internal:///(app-pages-browser)/./src/components/ConsoleGreeting.tsx:65
[     469ms] [LOG] [analytics] {type: pageview, path: /impressum, referrer: undefined, sessionId: e45ee089-fb97-4af0-82fc-1764224942f1, ts: 1787492625482} @ webpack-internal:///(app-pages-browser)/./src/lib/analytics.ts:38
[    8024ms] [LOG] [Fast Refresh] rebuilding @ webpack-internal:///(app-pages-browser)/./node_modules/next/dist/client/components/react-dev-overlay/app/hot-reloader-client.js:186
[    8349ms] [LOG] [Fast Refresh] done in 326ms @ webpack-internal:///(app-pages-browser)/./node_modules/next/dist/client/components/react-dev-overlay/app/hot-reloader-client.js:43
[    8384ms] [LOG] [Fast Refresh] rebuilding @ webpack-internal:///(app-pages-browser)/./node_modules/next/dist/client/components/react-dev-overlay/app/hot-reloader-client.js:186
[    8554ms] [ERROR] Failed to load resource: the server responded with a status of 404 (Not Found) @ http://localhost:3001/impressum?_rsc=tpt8b:0
[    8561ms] [LOG] [Fast Refresh] done in 178ms @ webpack-internal:///(app-pages-browser)/./node_modules/next/dist/client/components/react-dev-overlay/app/hot-reloader-client.js:43
[    8578ms] [LOG] [Fast Refresh] rebuilding @ webpack-internal:///(app-pages-browser)/./node_modules/next/dist/client/components/react-dev-overlay/app/hot-reloader-client.js:186
[    9056ms] [LOG] [Fast Refresh] done in 477ms @ webpack-internal:///(app-pages-browser)/./node_modules/next/dist/client/components/react-dev-overlay/app/hot-reloader-client.js:43
[    9348ms] [ERROR] Failed to load resource: the server responded with a status of 404 (Not Found) @ http://localhost:3001/impressum:0
[    9483ms] [INFO] %cDownload the React DevTools for a better development experience: https://reactjs.org/link/react-devtools font-weight:bold @ webpack-internal:///./node_modules/react-dom/cjs/react-dom.development.js:29889
[    9498ms] [LOG] [HMR] connected @ webpack-internal:///./node_modules/next/dist/client/components/react-dev-overlay/pages/websocket.js:38
[    9502ms] [ERROR] Failed to load resource: the server responded with a status of 404 (Not Found) @ http://localhost:3001/favicon.ico:0
[   25776ms] [LOG] [Fast Refresh] rebuilding @ webpack-internal:///./node_modules/next/dist/client/components/react-dev-overlay/pages/hot-reloader-client.js:221
[   26039ms] [ERROR] Failed to load resource: the server responded with a status of 404 (Not Found) @ http://localhost:3001/impressum:0
[   26212ms] [INFO] %cDownload the React DevTools for a better development experience: https://reactjs.org/link/react-devtools font-weight:bold @ webpack-internal:///(app-pages-browser)/./node_modules/next/dist/compiled/react-dom/cjs/react-dom.development.js:38559
[   26255ms] [LOG] [analytics] {type: pageview, path: /impressum, referrer: http://localhost:3001/impressum, sessionId: e45ee089-fb97-4af0-82fc-1764224942f1, ts: 1787492651268} @ webpack-internal:///(app-pages-browser)/./src/lib/analytics.ts:38
[   26255ms] [LOG] %clacønis color:#d9ff00;font-size:72px;font-weight:900;letter-spacing:-0.05em;font-family:'DM Sans',system-ui,-apple-system,sans-serif;line-height:1;padding:8px 0 @ webpack-internal:///(app-pages-browser)/./src/components/ConsoleGreeting.tsx:59
[   26255ms] [LOG] %cwebsites von null gebaut, mit eigenem CMS. color:#f2f0e7;font-size:14px;font-style:italic;font-family:serif;padding:4px 0 12px @ webpack-internal:///(app-pages-browser)/./src/components/ConsoleGreeting.tsx:60
[   26255ms] [LOG] %cweb   %chttps://laconis.be color:#d9ff00;font-weight:bold;font-family:monospace;font-size:12px color:#f2f0e7;font-family:monospace;font-size:12px @ webpack-internal:///(app-pages-browser)/./src/components/ConsoleGreeting.tsx:61
[   26255ms] [LOG] %cmail  %cnicolas@laconis.be color:#d9ff00;font-weight:bold;font-family:monospace;font-size:12px color:#f2f0e7;font-family:monospace;font-size:12px @ webpack-internal:///(app-pages-browser)/./src/components/ConsoleGreeting.tsx:62
[   26255ms] [LOG] %cort   %cOstbelgien · Belgien color:#d9ff00;font-weight:bold;font-family:monospace;font-size:12px color:#f2f0e7;font-family:monospace;font-size:12px @ webpack-internal:///(app-pages-browser)/./src/components/ConsoleGreeting.tsx:63
[   26255ms] [LOG] %csagt  %c„say less · mean møre" color:#d9ff00;font-weight:bold;font-family:monospace;font-size:12px color:#f2f0e7;font-family:monospace;font-size:12px @ webpack-internal:///(app-pages-browser)/./src/components/ConsoleGreeting.tsx:64
[   26255ms] [LOG] %cdu liest das? dann machst du wahrscheinlich was mit code.
wenn du ein projekt hast · schreib mir. ich beiße nicht. color:rgba(242,240,231,0.55);font-family:monospace;font-size:11px;font-style:italic;padding-top:12px @ webpack-internal:///(app-pages-browser)/./src/components/ConsoleGreeting.tsx:65
[   26257ms] [LOG] [analytics] {type: pageview, path: /impressum, referrer: undefined, sessionId: e45ee089-fb97-4af0-82fc-1764224942f1, ts: 1787492651270} @ webpack-internal:///(app-pages-browser)/./src/lib/analytics.ts:38
[   53515ms] [LOG] [Fast Refresh] rebuilding @ webpack-internal:///(app-pages-browser)/./node_modules/next/dist/client/components/react-dev-overlay/app/hot-reloader-client.js:186
[   53770ms] [ERROR] Failed to load resource: the server responded with a status of 404 (Not Found) @ http://localhost:3001/_next/static/webpack/1710447c83cc8eea.webpack.hot-update.json:0
[   53779ms] [ERROR] Failed to load resource: the server responded with a status of 404 (Not Found) @ http://localhost:3001/impressum?_rsc=1kfer:0
[   53855ms] [ERROR] Failed to load resource: the server responded with a status of 404 (Not Found) @ http://localhost:3001/impressum:0
[   53865ms] [ERROR] Failed to load resource: the server responded with a status of 404 (Not Found) @ http://localhost:3001/impressum:0
[   54961ms] [ERROR] Failed to load resource: the server responded with a status of 404 (Not Found) @ http://localhost:3001/impressum:0
[   55993ms] [ERROR] Failed to load resource: the server responded with a status of 404 (Not Found) @ http://localhost:3001/impressum:0
[   57028ms] [ERROR] Failed to load resource: the server responded with a status of 404 (Not Found) @ http://localhost:3001/impressum:0
[   58061ms] [ERROR] Failed to load resource: the server responded with a status of 404 (Not Found) @ http://localhost:3001/impressum:0
[   59085ms] [ERROR] Failed to load resource: the server responded with a status of 404 (Not Found) @ http://localhost:3001/impressum:0
[   60094ms] [ERROR] Failed to load resource: the server responded with a status of 404 (Not Found) @ http://localhost:3001/impressum:0
[   61106ms] [ERROR] Failed to load resource: the server responded with a status of 404 (Not Found) @ http://localhost:3001/impressum:0
[   62117ms] [ERROR] Failed to load resource: the server responded with a status of 404 (Not Found) @ http://localhost:3001/impressum:0
[   63128ms] [ERROR] Failed to load resource: the server responded with a status of 404 (Not Found) @ http://localhost:3001/impressum:0
[   64141ms] [ERROR] Failed to load resource: the server responded with a status of 404 (Not Found) @ http://localhost:3001/impressum:0
[   65158ms] [ERROR] Failed to load resource: the server responded with a status of 404 (Not Found) @ http://localhost:3001/impressum:0
[   66178ms] [ERROR] Failed to load resource: the server responded with a status of 404 (Not Found) @ http://localhost:3001/impressum:0
[   67189ms] [ERROR] Failed to load resource: the server responded with a status of 404 (Not Found) @ http://localhost:3001/impressum:0
[   68203ms] [ERROR] Failed to load resource: the server responded with a status of 404 (Not Found) @ http://localhost:3001/impressum:0
[   69220ms] [ERROR] Failed to load resource: the server responded with a status of 404 (Not Found) @ http://localhost:3001/impressum:0
[   70236ms] [ERROR] Failed to load resource: the server responded with a status of 404 (Not Found) @ http://localhost:3001/impressum:0
[   71250ms] [ERROR] Failed to load resource: the server responded with a status of 404 (Not Found) @ http://localhost:3001/impressum:0
[   72271ms] [ERROR] Failed to load resource: the server responded with a status of 404 (Not Found) @ http://localhost:3001/impressum:0
[   73290ms] [ERROR] Failed to load resource: the server responded with a status of 404 (Not Found) @ http://localhost:3001/impressum:0
[   74308ms] [ERROR] Failed to load resource: the server responded with a status of 404 (Not Found) @ http://localhost:3001/impressum:0
[   75328ms] [ERROR] Failed to load resource: the server responded with a status of 404 (Not Found) @ http://localhost:3001/impressum:0
[   76347ms] [ERROR] Failed to load resource: the server responded with a status of 404 (Not Found) @ http://localhost:3001/impressum:0
[   77366ms] [ERROR] Failed to load resource: the server responded with a status of 404 (Not Found) @ http://localhost:3001/impressum:0
