[     202ms] [INFO] %cDownload the React DevTools for a better development experience: https://reactjs.org/link/react-devtools font-weight:bold @ webpack-internal:///(app-pages-browser)/./node_modules/next/dist/compiled/react-dom/cjs/react-dom.development.js:38559
[     235ms] [LOG] [analytics] {type: pageview, path: /studio, referrer: undefined, sessionId: e45ee089-fb97-4af0-82fc-1764224942f1, ts: 1787492756417} @ webpack-internal:///(app-pages-browser)/./src/lib/analytics.ts:38
[     235ms] [LOG] %clacønis color:#d9ff00;font-size:72px;font-weight:900;letter-spacing:-0.05em;font-family:'DM Sans',system-ui,-apple-system,sans-serif;line-height:1;padding:8px 0 @ webpack-internal:///(app-pages-browser)/./src/components/ConsoleGreeting.tsx:59
[     235ms] [LOG] %cwebsites von null gebaut, mit eigenem CMS. color:#f2f0e7;font-size:14px;font-style:italic;font-family:serif;padding:4px 0 12px @ webpack-internal:///(app-pages-browser)/./src/components/ConsoleGreeting.tsx:60
[     235ms] [LOG] %cweb   %chttps://laconis.be color:#d9ff00;font-weight:bold;font-family:monospace;font-size:12px color:#f2f0e7;font-family:monospace;font-size:12px @ webpack-internal:///(app-pages-browser)/./src/components/ConsoleGreeting.tsx:61
[     235ms] [LOG] %cmail  %cnicolas@laconis.be color:#d9ff00;font-weight:bold;font-family:monospace;font-size:12px color:#f2f0e7;font-family:monospace;font-size:12px @ webpack-internal:///(app-pages-browser)/./src/components/ConsoleGreeting.tsx:62
[     235ms] [LOG] %cort   %cOstbelgien · Belgien color:#d9ff00;font-weight:bold;font-family:monospace;font-size:12px color:#f2f0e7;font-family:monospace;font-size:12px @ webpack-internal:///(app-pages-browser)/./src/components/ConsoleGreeting.tsx:63
[     235ms] [LOG] %csagt  %c„say less · mean møre" color:#d9ff00;font-weight:bold;font-family:monospace;font-size:12px color:#f2f0e7;font-family:monospace;font-size:12px @ webpack-internal:///(app-pages-browser)/./src/components/ConsoleGreeting.tsx:64
[     235ms] [LOG] %cdu liest das? dann machst du wahrscheinlich was mit code.
wenn du ein projekt hast · schreib mir. ich beiße nicht. color:rgba(242,240,231,0.55);font-family:monospace;font-size:11px;font-style:italic;padding-top:12px @ webpack-internal:///(app-pages-browser)/./src/components/ConsoleGreeting.tsx:65
[     236ms] [LOG] [analytics] {type: pageview, path: /studio, referrer: undefined, sessionId: e45ee089-fb97-4af0-82fc-1764224942f1, ts: 1787492756419} @ webpack-internal:///(app-pages-browser)/./src/lib/analytics.ts:38
[     280ms] [ERROR] Failed to load resource: the server responded with a status of 404 (Not Found) @ http://localhost:3001/apple-icon:0
[     281ms] [WARNING] Error while trying to use the following icon from the Manifest: http://localhost:3001/apple-icon (Download error or resource isn't a valid image) @ http://localhost:3001/studio:0
[    5618ms] [LOG] [Fast Refresh] rebuilding @ webpack-internal:///(app-pages-browser)/./node_modules/next/dist/client/components/react-dev-overlay/app/hot-reloader-client.js:186
[    5993ms] [ERROR] Failed to load resource: the server responded with a status of 404 (Not Found) @ http://localhost:3001/_next/static/webpack/c687dacc5ffd9a00.webpack.hot-update.json:0
[    6211ms] [INFO] %cDownload the React DevTools for a better development experience: https://reactjs.org/link/react-devtools font-weight:bold @ webpack-internal:///(app-pages-browser)/./node_modules/next/dist/compiled/react-dom/cjs/react-dom.development.js:38559
[    6252ms] [LOG] [analytics] {type: pageview, path: /studio, referrer: http://localhost:3001/studio, sessionId: e45ee089-fb97-4af0-82fc-1764224942f1, ts: 1787492762434} @ webpack-internal:///(app-pages-browser)/./src/lib/analytics.ts:38
[    6252ms] [LOG] %clacønis color:#d9ff00;font-size:72px;font-weight:900;letter-spacing:-0.05em;font-family:'DM Sans',system-ui,-apple-system,sans-serif;line-height:1;padding:8px 0 @ webpack-internal:///(app-pages-browser)/./src/components/ConsoleGreeting.tsx:59
[    6252ms] [LOG] %cwebsites von null gebaut, mit eigenem CMS. color:#f2f0e7;font-size:14px;font-style:italic;font-family:serif;padding:4px 0 12px @ webpack-internal:///(app-pages-browser)/./src/components/ConsoleGreeting.tsx:60
[    6252ms] [LOG] %cweb   %chttps://laconis.be color:#d9ff00;font-weight:bold;font-family:monospace;font-size:12px color:#f2f0e7;font-family:monospace;font-size:12px @ webpack-internal:///(app-pages-browser)/./src/components/ConsoleGreeting.tsx:61
[    6252ms] [LOG] %cmail  %cnicolas@laconis.be color:#d9ff00;font-weight:bold;font-family:monospace;font-size:12px color:#f2f0e7;font-family:monospace;font-size:12px @ webpack-internal:///(app-pages-browser)/./src/components/ConsoleGreeting.tsx:62
[    6252ms] [LOG] %cort   %cOstbelgien · Belgien color:#d9ff00;font-weight:bold;font-family:monospace;font-size:12px color:#f2f0e7;font-family:monospace;font-size:12px @ webpack-internal:///(app-pages-browser)/./src/components/ConsoleGreeting.tsx:63
[    6252ms] [LOG] %csagt  %c„say less · mean møre" color:#d9ff00;font-weight:bold;font-family:monospace;font-size:12px color:#f2f0e7;font-family:monospace;font-size:12px @ webpack-internal:///(app-pages-browser)/./src/components/ConsoleGreeting.tsx:64
[    6252ms] [LOG] %cdu liest das? dann machst du wahrscheinlich was mit code.
wenn du ein projekt hast · schreib mir. ich beiße nicht. color:rgba(242,240,231,0.55);font-family:monospace;font-size:11px;font-style:italic;padding-top:12px @ webpack-internal:///(app-pages-browser)/./src/components/ConsoleGreeting.tsx:65
[    6253ms] [LOG] [analytics] {type: pageview, path: /studio, referrer: undefined, sessionId: e45ee089-fb97-4af0-82fc-1764224942f1, ts: 1787492762436} @ webpack-internal:///(app-pages-browser)/./src/lib/analytics.ts:38
[    6310ms] [ERROR] Failed to load resource: the server responded with a status of 404 (Not Found) @ http://localhost:3001/apple-icon:0
[    6313ms] [WARNING] Error while trying to use the following icon from the Manifest: http://localhost:3001/apple-icon (Download error or resource isn't a valid image) @ http://localhost:3001/studio:0
[   17328ms] [ERROR] WebSocket connection to 'ws://localhost:3001/_next/webpack-hmr' failed:  @ webpack-internal:///(app-pages-browser)/./node_modules/next/dist/client/components/react-dev-overlay/internal/helpers/use-websocket.js:41
